                                      1 ;--------------------------------------------------------
                                      2 ; File Created by SDCC : free open source ISO C Compiler 
                                      3 ; Version 4.3.2 #14228 (MINGW32)
                                      4 ;--------------------------------------------------------
                                      5 	.module main
                                      6 	.optsdcc -msm83
                                      7 	
                                      8 ;--------------------------------------------------------
                                      9 ; Public variables in this module
                                     10 ;--------------------------------------------------------
                                     11 	.globl _main
                                     12 	.globl _loadSprites
                                     13 	.globl _setBackground
                                     14 	.globl _setupSprites
                                     15 	.globl _playerMovement
                                     16 	.globl _scrollSprite
                                     17 	.globl _moveSprite
                                     18 	.globl _LoadSpriteFrame
                                     19 	.globl _set_sprite_data
                                     20 	.globl _set_bkg_tiles
                                     21 	.globl _set_bkg_data
                                     22 	.globl _wait_vbl_done
                                     23 	.globl _joypad
                                     24 	.globl _Wine
                                     25 	.globl _Bartender
                                     26 	.globl _BackgroundTiles
                                     27 	.globl _backgroundmap
                                     28 	.globl _bartender
                                     29 	.globl _wineglass
                                     30 ;--------------------------------------------------------
                                     31 ; special function registers
                                     32 ;--------------------------------------------------------
                                     33 ;--------------------------------------------------------
                                     34 ; ram data
                                     35 ;--------------------------------------------------------
                                     36 	.area _DATA
      000000                         37 _wineglass::
      000000                         38 	.ds 12
      00000C                         39 _bartender::
      00000C                         40 	.ds 12
                                     41 ;--------------------------------------------------------
                                     42 ; ram data
                                     43 ;--------------------------------------------------------
                                     44 	.area _INITIALIZED
      000000                         45 _backgroundmap::
      000000                         46 	.ds 360
      000168                         47 _BackgroundTiles::
      000168                         48 	.ds 304
      000298                         49 _Bartender::
      000298                         50 	.ds 64
      0002D8                         51 _Wine::
      0002D8                         52 	.ds 16
                                     53 ;--------------------------------------------------------
                                     54 ; absolute external ram data
                                     55 ;--------------------------------------------------------
                                     56 	.area _DABS (ABS)
                                     57 ;--------------------------------------------------------
                                     58 ; global & static initialisations
                                     59 ;--------------------------------------------------------
                                     60 	.area _HOME
                                     61 	.area _GSINIT
                                     62 	.area _GSFINAL
                                     63 	.area _GSINIT
                                     64 ;--------------------------------------------------------
                                     65 ; Home
                                     66 ;--------------------------------------------------------
                                     67 	.area _HOME
                                     68 	.area _HOME
                                     69 ;--------------------------------------------------------
                                     70 ; code
                                     71 ;--------------------------------------------------------
                                     72 	.area _CODE
                                     73 ;spritestructs.h:35: void LoadSpriteFrame(Sprite *sprite, uint8_t frame)
                                     74 ;	---------------------------------
                                     75 ; Function LoadSpriteFrame
                                     76 ; ---------------------------------
      000000                         77 _LoadSpriteFrame::
      000000 E8 FC            [16]   78 	add	sp, #-4
      000002 4B               [ 4]   79 	ld	c, e
      000003 42               [ 4]   80 	ld	b, d
      000004 5F               [ 4]   81 	ld	e, a
                                     82 ;spritestructs.h:37: sprite->spritecurrentFrame = frame;
      000005 21 04 00         [12]   83 	ld	hl, #0x0004
      000008 09               [ 8]   84 	add	hl, bc
      000009 73               [ 8]   85 	ld	(hl), e
                                     86 ;spritestructs.h:39: uint8_t spriteCount = sprite->spriteWidth + sprite->spriteHeight;
      00000A 59               [ 4]   87 	ld	e, c
      00000B 50               [ 4]   88 	ld	d, b
      00000C 13               [ 8]   89 	inc	de
      00000D 13               [ 8]   90 	inc	de
      00000E 1A               [ 8]   91 	ld	a, (de)
      00000F 69               [ 4]   92 	ld	l, c
                                     93 ;	spillPairReg hl
                                     94 ;	spillPairReg hl
      000010 60               [ 4]   95 	ld	h, b
                                     96 ;	spillPairReg hl
                                     97 ;	spillPairReg hl
      000011 23               [ 8]   98 	inc	hl
      000012 5E               [ 8]   99 	ld	e, (hl)
      000013 83               [ 4]  100 	add	a, e
      000014 F8 00            [12]  101 	ldhl	sp,	#0
      000016 77               [ 8]  102 	ld	(hl), a
                                    103 ;spritestructs.h:41: for (uint8_t i = 0; i != spriteCount; i++)
      000017 21 05 00         [12]  104 	ld	hl, #0x0005
      00001A 09               [ 8]  105 	add	hl, bc
      00001B E5               [16]  106 	push	hl
      00001C 7D               [ 4]  107 	ld	a, l
      00001D F8 03            [12]  108 	ldhl	sp,	#3
      00001F 77               [ 8]  109 	ld	(hl), a
      000020 E1               [12]  110 	pop	hl
      000021 7C               [ 4]  111 	ld	a, h
      000022 F8 02            [12]  112 	ldhl	sp,	#2
      000024 22               [ 8]  113 	ld	(hl+), a
      000025 36 00            [12]  114 	ld	(hl), #0x00
      000027                        115 00104$:
      000027 F8 00            [12]  116 	ldhl	sp,	#0
      000029 7E               [ 8]  117 	ld	a, (hl)
      00002A F8 03            [12]  118 	ldhl	sp,	#3
      00002C 96               [ 8]  119 	sub	a, (hl)
      00002D 28 1F            [12]  120 	jr	Z, 00106$
                                    121 ;spritestructs.h:43: set_sprite_tile(sprite->spriteID + i, sprite->tilesetStart + i);
      00002F F8 01            [12]  122 	ldhl	sp,#1
      000031 2A               [ 8]  123 	ld	a, (hl+)
      000032 5F               [ 4]  124 	ld	e, a
      000033 2A               [ 8]  125 	ld	a, (hl+)
      000034 57               [ 4]  126 	ld	d, a
      000035 1A               [ 8]  127 	ld	a, (de)
      000036 86               [ 8]  128 	add	a, (hl)
      000037 5F               [ 4]  129 	ld	e, a
      000038 0A               [ 8]  130 	ld	a, (bc)
      000039 86               [ 8]  131 	add	a, (hl)
      00003A 57               [ 4]  132 	ld	d, a
                                    133 ;c:\gbdk\include\gb\gb.h:1804: shadow_OAM[nb].tile=tile;
      00003B 26 00            [ 8]  134 	ld	h, #0x00
                                    135 ;	spillPairReg hl
                                    136 ;	spillPairReg hl
      00003D 6A               [ 4]  137 	ld	l, d
      00003E 29               [ 8]  138 	add	hl, hl
      00003F 29               [ 8]  139 	add	hl, hl
      000040 D5               [16]  140 	push	de
      000041 11r00r00         [12]  141 	ld	de, #_shadow_OAM
      000044 19               [ 8]  142 	add	hl, de
      000045 23               [ 8]  143 	inc	hl
      000046 23               [ 8]  144 	inc	hl
      000047 D1               [12]  145 	pop	de
      000048 73               [ 8]  146 	ld	(hl), e
                                    147 ;spritestructs.h:41: for (uint8_t i = 0; i != spriteCount; i++)
      000049 F8 03            [12]  148 	ldhl	sp,	#3
      00004B 34               [12]  149 	inc	(hl)
      00004C 18 D9            [12]  150 	jr	00104$
      00004E                        151 00106$:
                                    152 ;spritestructs.h:45: }
      00004E E8 04            [16]  153 	add	sp, #4
      000050 C9               [16]  154 	ret
                                    155 ;spritestructs.h:47: void moveSprite (Sprite *sprite, uint8_t x, uint8_t y)
                                    156 ;	---------------------------------
                                    157 ; Function moveSprite
                                    158 ; ---------------------------------
      000051                        159 _moveSprite::
      000051 E8 F8            [16]  160 	add	sp, #-8
      000053 4B               [ 4]  161 	ld	c, e
      000054 42               [ 4]  162 	ld	b, d
      000055 F8 05            [12]  163 	ldhl	sp,	#5
      000057 77               [ 8]  164 	ld	(hl), a
                                    165 ;spritestructs.h:49: sprite->x = x;
      000058 21 06 00         [12]  166 	ld	hl, #0x0006
      00005B 09               [ 8]  167 	add	hl, bc
      00005C 5D               [ 4]  168 	ld	e, l
      00005D 54               [ 4]  169 	ld	d, h
      00005E F8 05            [12]  170 	ldhl	sp,	#5
      000060 7E               [ 8]  171 	ld	a, (hl)
      000061 12               [ 8]  172 	ld	(de), a
                                    173 ;spritestructs.h:50: sprite->y = y;
      000062 21 07 00         [12]  174 	ld	hl, #0x0007
      000065 09               [ 8]  175 	add	hl, bc
      000066 5D               [ 4]  176 	ld	e, l
      000067 54               [ 4]  177 	ld	d, h
      000068 F8 0A            [12]  178 	ldhl	sp,	#10
      00006A 7E               [ 8]  179 	ld	a, (hl)
      00006B 12               [ 8]  180 	ld	(de), a
                                    181 ;spritestructs.h:52: for (uint8_t iy = 0; iy!= sprite->spriteHeight; iy++)
      00006C 21 02 00         [12]  182 	ld	hl, #0x0002
      00006F 09               [ 8]  183 	add	hl, bc
      000070 33               [ 8]  184 	inc	sp
      000071 33               [ 8]  185 	inc	sp
      000072 E5               [16]  186 	push	hl
      000073 69               [ 4]  187 	ld	l, c
      000074 60               [ 4]  188 	ld	h, b
      000075 23               [ 8]  189 	inc	hl
      000076 E5               [16]  190 	push	hl
      000077 7D               [ 4]  191 	ld	a, l
      000078 F8 04            [12]  192 	ldhl	sp,	#4
      00007A 77               [ 8]  193 	ld	(hl), a
      00007B E1               [12]  194 	pop	hl
      00007C 7C               [ 4]  195 	ld	a, h
      00007D F8 03            [12]  196 	ldhl	sp,	#3
      00007F 77               [ 8]  197 	ld	(hl), a
      000080 F8 06            [12]  198 	ldhl	sp,	#6
      000082 36 00            [12]  199 	ld	(hl), #0x00
      000084                        200 00108$:
      000084 F8 02            [12]  201 	ldhl	sp,#2
      000086 2A               [ 8]  202 	ld	a, (hl+)
      000087 5F               [ 4]  203 	ld	e, a
      000088 56               [ 8]  204 	ld	d, (hl)
      000089 1A               [ 8]  205 	ld	a, (de)
      00008A F8 07            [12]  206 	ldhl	sp,	#7
      00008C 32               [ 8]  207 	ld	(hl-), a
      00008D 2A               [ 8]  208 	ld	a, (hl+)
      00008E 96               [ 8]  209 	sub	a, (hl)
      00008F 28 5B            [12]  210 	jr	Z, 00110$
                                    211 ;spritestructs.h:54: for (uint8_t ix = 0; ix != sprite->spriteWidth; ix++)
      000091 F8 07            [12]  212 	ldhl	sp,	#7
      000093 36 00            [12]  213 	ld	(hl), #0x00
      000095                        214 00105$:
      000095 D1               [12]  215 	pop	de
      000096 D5               [16]  216 	push	de
      000097 1A               [ 8]  217 	ld	a, (de)
      000098 F8 04            [12]  218 	ldhl	sp,	#4
      00009A 77               [ 8]  219 	ld	(hl), a
      00009B F8 07            [12]  220 	ldhl	sp,	#7
      00009D 7E               [ 8]  221 	ld	a, (hl)
      00009E F8 04            [12]  222 	ldhl	sp,	#4
      0000A0 96               [ 8]  223 	sub	a, (hl)
      0000A1 28 44            [12]  224 	jr	Z, 00109$
                                    225 ;spritestructs.h:56: uint8_t index = sprite->spriteID + ix + (iy * sprite->spriteWidth);
      0000A3 0A               [ 8]  226 	ld	a, (bc)
      0000A4 F8 07            [12]  227 	ldhl	sp,	#7
      0000A6 86               [ 8]  228 	add	a, (hl)
      0000A7 57               [ 4]  229 	ld	d, a
      0000A8 C5               [16]  230 	push	bc
      0000A9 D5               [16]  231 	push	de
      0000AA F8 08            [12]  232 	ldhl	sp,	#8
      0000AC 2A               [ 8]  233 	ld	a, (hl+)
      0000AD 23               [ 8]  234 	inc	hl
      0000AE 5F               [ 4]  235 	ld	e, a
      0000AF 7E               [ 8]  236 	ld	a, (hl)
      0000B0 CDr00r00         [24]  237 	call	__muluchar
      0000B3 79               [ 4]  238 	ld	a, c
      0000B4 D1               [12]  239 	pop	de
      0000B5 C1               [12]  240 	pop	bc
      0000B6 82               [ 4]  241 	add	a, d
      0000B7 5F               [ 4]  242 	ld	e, a
                                    243 ;spritestructs.h:58: move_sprite(index, x + (ix * 8), y + (iy * 8));
      0000B8 F8 06            [12]  244 	ldhl	sp,	#6
      0000BA 7E               [ 8]  245 	ld	a, (hl)
      0000BB 87               [ 4]  246 	add	a, a
      0000BC 87               [ 4]  247 	add	a, a
      0000BD 87               [ 4]  248 	add	a, a
      0000BE F8 0A            [12]  249 	ldhl	sp,	#10
      0000C0 56               [ 8]  250 	ld	d, (hl)
      0000C1 82               [ 4]  251 	add	a, d
      0000C2 57               [ 4]  252 	ld	d, a
      0000C3 F8 07            [12]  253 	ldhl	sp,	#7
      0000C5 3A               [ 8]  254 	ld	a, (hl-)
      0000C6 2B               [ 8]  255 	dec	hl
      0000C7 87               [ 4]  256 	add	a, a
      0000C8 87               [ 4]  257 	add	a, a
      0000C9 87               [ 4]  258 	add	a, a
      0000CA 6E               [ 8]  259 	ld	l, (hl)
                                    260 ;	spillPairReg hl
                                    261 ;	spillPairReg hl
      0000CB 85               [ 4]  262 	add	a, l
      0000CC F8 04            [12]  263 	ldhl	sp,	#4
      0000CE 77               [ 8]  264 	ld	(hl), a
                                    265 ;c:\gbdk\include\gb\gb.h:1877: OAM_item_t * itm = &shadow_OAM[nb];
      0000CF 26 00            [ 8]  266 	ld	h, #0x00
                                    267 ;	spillPairReg hl
                                    268 ;	spillPairReg hl
      0000D1 6B               [ 4]  269 	ld	l, e
      0000D2 29               [ 8]  270 	add	hl, hl
      0000D3 29               [ 8]  271 	add	hl, hl
      0000D4 D5               [16]  272 	push	de
      0000D5 11r00r00         [12]  273 	ld	de, #_shadow_OAM
      0000D8 19               [ 8]  274 	add	hl, de
      0000D9 D1               [12]  275 	pop	de
                                    276 ;c:\gbdk\include\gb\gb.h:1878: itm->y=y, itm->x=x;
      0000DA 7A               [ 4]  277 	ld	a, d
      0000DB 22               [ 8]  278 	ld	(hl+), a
      0000DC 5D               [ 4]  279 	ld	e, l
      0000DD 54               [ 4]  280 	ld	d, h
      0000DE F8 04            [12]  281 	ldhl	sp,	#4
      0000E0 7E               [ 8]  282 	ld	a, (hl)
      0000E1 12               [ 8]  283 	ld	(de), a
                                    284 ;spritestructs.h:54: for (uint8_t ix = 0; ix != sprite->spriteWidth; ix++)
      0000E2 F8 07            [12]  285 	ldhl	sp,	#7
      0000E4 34               [12]  286 	inc	(hl)
      0000E5 18 AE            [12]  287 	jr	00105$
      0000E7                        288 00109$:
                                    289 ;spritestructs.h:52: for (uint8_t iy = 0; iy!= sprite->spriteHeight; iy++)
      0000E7 F8 06            [12]  290 	ldhl	sp,	#6
      0000E9 34               [12]  291 	inc	(hl)
      0000EA 18 98            [12]  292 	jr	00108$
      0000EC                        293 00110$:
                                    294 ;spritestructs.h:61: }
      0000EC E8 08            [16]  295 	add	sp, #8
      0000EE E1               [12]  296 	pop	hl
      0000EF 33               [ 8]  297 	inc	sp
      0000F0 E9               [ 4]  298 	jp	(hl)
                                    299 ;spritestructs.h:63: void scrollSprite(Sprite *sprite, uint8_t x, uint8_t y)
                                    300 ;	---------------------------------
                                    301 ; Function scrollSprite
                                    302 ; ---------------------------------
      0000F1                        303 _scrollSprite::
      0000F1 E8 F6            [16]  304 	add	sp, #-10
      0000F3 F8 08            [12]  305 	ldhl	sp,	#8
      0000F5 77               [ 8]  306 	ld	(hl), a
                                    307 ;spritestructs.h:66: sprite->x = x;
      0000F6 21 06 00         [12]  308 	ld	hl, #0x0006
      0000F9 19               [ 8]  309 	add	hl, de
      0000FA 4D               [ 4]  310 	ld	c, l
      0000FB 44               [ 4]  311 	ld	b, h
      0000FC F8 08            [12]  312 	ldhl	sp,	#8
      0000FE 7E               [ 8]  313 	ld	a, (hl)
      0000FF 02               [ 8]  314 	ld	(bc), a
                                    315 ;spritestructs.h:67: sprite->y = y;
      000100 21 07 00         [12]  316 	ld	hl, #0x0007
      000103 19               [ 8]  317 	add	hl, de
      000104 4D               [ 4]  318 	ld	c, l
      000105 44               [ 4]  319 	ld	b, h
      000106 F8 0C            [12]  320 	ldhl	sp,	#12
      000108 7E               [ 8]  321 	ld	a, (hl)
      000109 02               [ 8]  322 	ld	(bc), a
                                    323 ;spritestructs.h:69: uint8_t spriteCount = sprite->spriteWidth + sprite->spriteHeight;
      00010A 4B               [ 4]  324 	ld	c, e
      00010B 42               [ 4]  325 	ld	b, d
      00010C 03               [ 8]  326 	inc	bc
      00010D 03               [ 8]  327 	inc	bc
      00010E 0A               [ 8]  328 	ld	a, (bc)
      00010F 6B               [ 4]  329 	ld	l, e
                                    330 ;	spillPairReg hl
                                    331 ;	spillPairReg hl
      000110 62               [ 4]  332 	ld	h, d
                                    333 ;	spillPairReg hl
                                    334 ;	spillPairReg hl
      000111 23               [ 8]  335 	inc	hl
      000112 4E               [ 8]  336 	ld	c, (hl)
      000113 81               [ 4]  337 	add	a, c
      000114 F8 00            [12]  338 	ldhl	sp,	#0
      000116 77               [ 8]  339 	ld	(hl), a
                                    340 ;spritestructs.h:72: scroll_sprite(sprite->tilesetStart, x, y);
      000117 F8 0C            [12]  341 	ldhl	sp,	#12
      000119 7E               [ 8]  342 	ld	a, (hl)
      00011A F8 09            [12]  343 	ldhl	sp,	#9
      00011C 77               [ 8]  344 	ld	(hl), a
      00011D 21 05 00         [12]  345 	ld	hl, #0x0005
      000120 19               [ 8]  346 	add	hl, de
      000121 E5               [16]  347 	push	hl
      000122 7D               [ 4]  348 	ld	a, l
      000123 F8 08            [12]  349 	ldhl	sp,	#8
      000125 77               [ 8]  350 	ld	(hl), a
      000126 E1               [12]  351 	pop	hl
      000127 7C               [ 4]  352 	ld	a, h
      000128 F8 07            [12]  353 	ldhl	sp,	#7
      00012A 77               [ 8]  354 	ld	(hl), a
                                    355 ;spritestructs.h:70: if (spriteCount <= 2)
      00012B 3E 02            [ 8]  356 	ld	a, #0x02
      00012D F8 00            [12]  357 	ldhl	sp,	#0
      00012F 96               [ 8]  358 	sub	a, (hl)
      000130 38 69            [12]  359 	jr	C, 00114$
                                    360 ;spritestructs.h:72: scroll_sprite(sprite->tilesetStart, x, y);
      000132 F8 06            [12]  361 	ldhl	sp,#6
      000134 2A               [ 8]  362 	ld	a, (hl+)
      000135 5F               [ 4]  363 	ld	e, a
      000136 56               [ 8]  364 	ld	d, (hl)
      000137 1A               [ 8]  365 	ld	a, (de)
      000138 77               [ 8]  366 	ld	(hl), a
                                    367 ;c:\gbdk\include\gb\gb.h:1893: OAM_item_t * itm = &shadow_OAM[nb];
      000139 3A               [ 8]  368 	ld	a, (hl-)
      00013A 22               [ 8]  369 	ld	(hl+), a
      00013B 36 00            [12]  370 	ld	(hl), #0x00
      00013D 3E 02            [ 8]  371 	ld	a, #0x02
      00013F                        372 00134$:
      00013F F8 06            [12]  373 	ldhl	sp,	#6
      000141 CB 26            [16]  374 	sla	(hl)
      000143 23               [ 8]  375 	inc	hl
      000144 CB 16            [16]  376 	rl	(hl)
      000146 3D               [ 4]  377 	dec	a
      000147 20 F6            [12]  378 	jr	NZ, 00134$
      000149 11r00r00         [12]  379 	ld	de, #_shadow_OAM
      00014C 3A               [ 8]  380 	ld	a, (hl-)
      00014D 6E               [ 8]  381 	ld	l, (hl)
      00014E 67               [ 4]  382 	ld	h, a
      00014F 19               [ 8]  383 	add	hl, de
      000150 E5               [16]  384 	push	hl
      000151 7D               [ 4]  385 	ld	a, l
      000152 F8 04            [12]  386 	ldhl	sp,	#4
      000154 77               [ 8]  387 	ld	(hl), a
      000155 E1               [12]  388 	pop	hl
      000156 7C               [ 4]  389 	ld	a, h
      000157 F8 03            [12]  390 	ldhl	sp,	#3
      000159 32               [ 8]  391 	ld	(hl-), a
      00015A 7E               [ 8]  392 	ld	a, (hl)
      00015B F8 05            [12]  393 	ldhl	sp,	#5
      00015D 32               [ 8]  394 	ld	(hl-), a
      00015E 2B               [ 8]  395 	dec	hl
      00015F 7E               [ 8]  396 	ld	a, (hl)
      000160 F8 06            [12]  397 	ldhl	sp,	#6
                                    398 ;c:\gbdk\include\gb\gb.h:1894: itm->y+=y, itm->x+=x;
      000162 32               [ 8]  399 	ld	(hl-), a
      000163 2A               [ 8]  400 	ld	a, (hl+)
      000164 5F               [ 4]  401 	ld	e, a
      000165 2A               [ 8]  402 	ld	a, (hl+)
      000166 57               [ 4]  403 	ld	d, a
      000167 1A               [ 8]  404 	ld	a, (de)
      000168 77               [ 8]  405 	ld	(hl), a
      000169 2A               [ 8]  406 	ld	a, (hl+)
      00016A 23               [ 8]  407 	inc	hl
      00016B 86               [ 8]  408 	add	a, (hl)
      00016C 77               [ 8]  409 	ld	(hl), a
      00016D F8 05            [12]  410 	ldhl	sp,#5
      00016F 2A               [ 8]  411 	ld	a, (hl+)
      000170 5F               [ 4]  412 	ld	e, a
      000171 56               [ 8]  413 	ld	d, (hl)
      000172 F8 09            [12]  414 	ldhl	sp,	#9
      000174 7E               [ 8]  415 	ld	a, (hl)
      000175 12               [ 8]  416 	ld	(de), a
      000176 F8 05            [12]  417 	ldhl	sp,#5
      000178 2A               [ 8]  418 	ld	a, (hl+)
      000179 5F               [ 4]  419 	ld	e, a
      00017A 56               [ 8]  420 	ld	d, (hl)
      00017B 6B               [ 4]  421 	ld	l, e
      00017C 62               [ 4]  422 	ld	h, d
      00017D 23               [ 8]  423 	inc	hl
      00017E E5               [16]  424 	push	hl
      00017F 7D               [ 4]  425 	ld	a, l
      000180 F8 05            [12]  426 	ldhl	sp,	#5
      000182 77               [ 8]  427 	ld	(hl), a
      000183 E1               [12]  428 	pop	hl
      000184 7C               [ 4]  429 	ld	a, h
      000185 F8 04            [12]  430 	ldhl	sp,	#4
      000187 32               [ 8]  431 	ld	(hl-), a
      000188 2A               [ 8]  432 	ld	a, (hl+)
      000189 5F               [ 4]  433 	ld	e, a
      00018A 56               [ 8]  434 	ld	d, (hl)
      00018B 1A               [ 8]  435 	ld	a, (de)
      00018C F8 09            [12]  436 	ldhl	sp,	#9
      00018E 77               [ 8]  437 	ld	(hl), a
      00018F 3A               [ 8]  438 	ld	a, (hl-)
      000190 86               [ 8]  439 	add	a, (hl)
      000191 4F               [ 4]  440 	ld	c, a
      000192 F8 03            [12]  441 	ldhl	sp,	#3
      000194 2A               [ 8]  442 	ld	a,	(hl+)
      000195 66               [ 8]  443 	ld	h, (hl)
      000196 6F               [ 4]  444 	ld	l, a
      000197 71               [ 8]  445 	ld	(hl), c
                                    446 ;spritestructs.h:72: scroll_sprite(sprite->tilesetStart, x, y);
      000198 C3r25r02         [16]  447 	jp	00110$
                                    448 ;spritestructs.h:76: for (uint8_t i = 0; i != spriteCount; i++)
      00019B                        449 00114$:
      00019B F8 09            [12]  450 	ldhl	sp,	#9
      00019D 7E               [ 8]  451 	ld	a, (hl)
      00019E F8 01            [12]  452 	ldhl	sp,	#1
      0001A0 77               [ 8]  453 	ld	(hl), a
      0001A1 F8 06            [12]  454 	ldhl	sp,	#6
      0001A3 7E               [ 8]  455 	ld	a, (hl)
      0001A4 F8 02            [12]  456 	ldhl	sp,	#2
      0001A6 77               [ 8]  457 	ld	(hl), a
      0001A7 F8 07            [12]  458 	ldhl	sp,	#7
      0001A9 7E               [ 8]  459 	ld	a, (hl)
      0001AA F8 03            [12]  460 	ldhl	sp,	#3
      0001AC 77               [ 8]  461 	ld	(hl), a
      0001AD F8 09            [12]  462 	ldhl	sp,	#9
      0001AF 36 00            [12]  463 	ld	(hl), #0x00
      0001B1                        464 00108$:
      0001B1 F8 09            [12]  465 	ldhl	sp,	#9
      0001B3 7E               [ 8]  466 	ld	a, (hl)
      0001B4 F8 00            [12]  467 	ldhl	sp,	#0
      0001B6 96               [ 8]  468 	sub	a, (hl)
      0001B7 28 6C            [12]  469 	jr	Z, 00110$
                                    470 ;spritestructs.h:78: scroll_sprite(sprite->tilesetStart + i, x, y);
      0001B9 F8 02            [12]  471 	ldhl	sp,#2
      0001BB 2A               [ 8]  472 	ld	a, (hl+)
      0001BC 5F               [ 4]  473 	ld	e, a
      0001BD 56               [ 8]  474 	ld	d, (hl)
      0001BE 1A               [ 8]  475 	ld	a, (de)
      0001BF F8 09            [12]  476 	ldhl	sp,	#9
      0001C1 86               [ 8]  477 	add	a, (hl)
      0001C2 4F               [ 4]  478 	ld	c, a
                                    479 ;c:\gbdk\include\gb\gb.h:1893: OAM_item_t * itm = &shadow_OAM[nb];
      0001C3 F8 06            [12]  480 	ldhl	sp,	#6
      0001C5 79               [ 4]  481 	ld	a, c
      0001C6 22               [ 8]  482 	ld	(hl+), a
      0001C7 AF               [ 4]  483 	xor	a, a
      0001C8 32               [ 8]  484 	ld	(hl-), a
      0001C9 3A               [ 8]  485 	ld	a, (hl-)
      0001CA 2B               [ 8]  486 	dec	hl
      0001CB 22               [ 8]  487 	ld	(hl+), a
      0001CC 36 00            [12]  488 	ld	(hl), #0x00
      0001CE 3E 02            [ 8]  489 	ld	a, #0x02
      0001D0                        490 00136$:
      0001D0 F8 04            [12]  491 	ldhl	sp,	#4
      0001D2 CB 26            [16]  492 	sla	(hl)
      0001D4 23               [ 8]  493 	inc	hl
      0001D5 CB 16            [16]  494 	rl	(hl)
      0001D7 3D               [ 4]  495 	dec	a
      0001D8 20 F6            [12]  496 	jr	NZ, 00136$
      0001DA 2B               [ 8]  497 	dec	hl
      0001DB 2A               [ 8]  498 	ld	a, (hl+)
      0001DC 5F               [ 4]  499 	ld	e, a
      0001DD 56               [ 8]  500 	ld	d, (hl)
      0001DE 21r00r00         [12]  501 	ld	hl, #_shadow_OAM
      0001E1 19               [ 8]  502 	add	hl, de
      0001E2 E5               [16]  503 	push	hl
      0001E3 7D               [ 4]  504 	ld	a, l
      0001E4 F8 08            [12]  505 	ldhl	sp,	#8
      0001E6 77               [ 8]  506 	ld	(hl), a
      0001E7 E1               [12]  507 	pop	hl
      0001E8 7C               [ 4]  508 	ld	a, h
      0001E9 F8 07            [12]  509 	ldhl	sp,	#7
      0001EB 32               [ 8]  510 	ld	(hl-), a
      0001EC 3A               [ 8]  511 	ld	a, (hl-)
      0001ED 2B               [ 8]  512 	dec	hl
      0001EE 77               [ 8]  513 	ld	(hl), a
      0001EF F8 07            [12]  514 	ldhl	sp,	#7
      0001F1 3A               [ 8]  515 	ld	a, (hl-)
      0001F2 2B               [ 8]  516 	dec	hl
                                    517 ;c:\gbdk\include\gb\gb.h:1894: itm->y+=y, itm->x+=x;
      0001F3 32               [ 8]  518 	ld	(hl-), a
      0001F4 2A               [ 8]  519 	ld	a, (hl+)
      0001F5 5F               [ 4]  520 	ld	e, a
      0001F6 56               [ 8]  521 	ld	d, (hl)
      0001F7 1A               [ 8]  522 	ld	a, (de)
      0001F8 F8 01            [12]  523 	ldhl	sp,	#1
      0001FA 86               [ 8]  524 	add	a, (hl)
      0001FB 4F               [ 4]  525 	ld	c, a
      0001FC F8 04            [12]  526 	ldhl	sp,	#4
      0001FE 2A               [ 8]  527 	ld	a,	(hl+)
      0001FF 66               [ 8]  528 	ld	h, (hl)
      000200 6F               [ 4]  529 	ld	l, a
      000201 71               [ 8]  530 	ld	(hl), c
      000202 F8 04            [12]  531 	ldhl	sp,#4
      000204 2A               [ 8]  532 	ld	a, (hl+)
      000205 5F               [ 4]  533 	ld	e, a
      000206 56               [ 8]  534 	ld	d, (hl)
      000207 6B               [ 4]  535 	ld	l, e
      000208 62               [ 4]  536 	ld	h, d
      000209 23               [ 8]  537 	inc	hl
      00020A E5               [16]  538 	push	hl
      00020B 7D               [ 4]  539 	ld	a, l
      00020C F8 08            [12]  540 	ldhl	sp,	#8
      00020E 77               [ 8]  541 	ld	(hl), a
      00020F E1               [12]  542 	pop	hl
      000210 7C               [ 4]  543 	ld	a, h
      000211 F8 07            [12]  544 	ldhl	sp,	#7
      000213 32               [ 8]  545 	ld	(hl-), a
      000214 2A               [ 8]  546 	ld	a, (hl+)
      000215 5F               [ 4]  547 	ld	e, a
      000216 2A               [ 8]  548 	ld	a, (hl+)
      000217 57               [ 4]  549 	ld	d, a
      000218 1A               [ 8]  550 	ld	a, (de)
      000219 86               [ 8]  551 	add	a, (hl)
      00021A 2B               [ 8]  552 	dec	hl
      00021B 4F               [ 4]  553 	ld	c, a
      00021C 3A               [ 8]  554 	ld	a, (hl-)
      00021D 6E               [ 8]  555 	ld	l, (hl)
      00021E 67               [ 4]  556 	ld	h, a
      00021F 71               [ 8]  557 	ld	(hl), c
                                    558 ;spritestructs.h:76: for (uint8_t i = 0; i != spriteCount; i++)
      000220 F8 09            [12]  559 	ldhl	sp,	#9
      000222 34               [12]  560 	inc	(hl)
      000223 18 8C            [12]  561 	jr	00108$
      000225                        562 00110$:
                                    563 ;spritestructs.h:84: }
      000225 E8 0A            [16]  564 	add	sp, #10
      000227 E1               [12]  565 	pop	hl
      000228 33               [ 8]  566 	inc	sp
      000229 E9               [ 4]  567 	jp	(hl)
                                    568 ;spritestructs.h:86: void playerMovement(Sprite *sprite)
                                    569 ;	---------------------------------
                                    570 ; Function playerMovement
                                    571 ; ---------------------------------
      00022A                        572 _playerMovement::
      00022A E8 FD            [16]  573 	add	sp, #-3
                                    574 ;spritestructs.h:90: int8_t moveX = 0;
      00022C 0E 00            [ 8]  575 	ld	c, #0x00
                                    576 ;spritestructs.h:91: uint8_t buttons = joypad();
      00022E D5               [16]  577 	push	de
      00022F CDr00r00         [24]  578 	call	_joypad
      000232 47               [ 4]  579 	ld	b, a
      000233 D1               [12]  580 	pop	de
                                    581 ;spritestructs.h:96: uint8_t spriteCount = sprite->spriteWidth + sprite->spriteHeight;
      000234 6B               [ 4]  582 	ld	l, e
                                    583 ;	spillPairReg hl
                                    584 ;	spillPairReg hl
      000235 62               [ 4]  585 	ld	h, d
                                    586 ;	spillPairReg hl
                                    587 ;	spillPairReg hl
      000236 23               [ 8]  588 	inc	hl
      000237 23               [ 8]  589 	inc	hl
      000238 7E               [ 8]  590 	ld	a, (hl)
      000239 6B               [ 4]  591 	ld	l, e
                                    592 ;	spillPairReg hl
                                    593 ;	spillPairReg hl
      00023A 62               [ 4]  594 	ld	h, d
                                    595 ;	spillPairReg hl
                                    596 ;	spillPairReg hl
      00023B 23               [ 8]  597 	inc	hl
      00023C 6E               [ 8]  598 	ld	l, (hl)
                                    599 ;	spillPairReg hl
      00023D 85               [ 4]  600 	add	a, l
      00023E F8 00            [12]  601 	ldhl	sp,	#0
      000240 77               [ 8]  602 	ld	(hl), a
                                    603 ;spritestructs.h:99: if (buttons & J_LEFT){
      000241 CB 48            [ 8]  604 	bit	1, b
      000243 28 02            [12]  605 	jr	Z, 00102$
                                    606 ;spritestructs.h:100: moveX = -1;
      000245 0E FF            [ 8]  607 	ld	c, #0xff
      000247                        608 00102$:
                                    609 ;spritestructs.h:102: if (buttons & J_RIGHT){
      000247 CB 40            [ 8]  610 	bit	0, b
      000249 28 02            [12]  611 	jr	Z, 00115$
                                    612 ;spritestructs.h:103: moveX = 1;
      00024B 0E 01            [ 8]  613 	ld	c, #0x01
                                    614 ;spritestructs.h:106: for (uint8_t i = 0; i != spriteCount; i++)
      00024D                        615 00115$:
      00024D 21 05 00         [12]  616 	ld	hl, #0x0005
      000250 19               [ 8]  617 	add	hl, de
      000251 E5               [16]  618 	push	hl
      000252 7D               [ 4]  619 	ld	a, l
      000253 F8 03            [12]  620 	ldhl	sp,	#3
      000255 77               [ 8]  621 	ld	(hl), a
      000256 E1               [12]  622 	pop	hl
      000257 7C               [ 4]  623 	ld	a, h
      000258 F8 02            [12]  624 	ldhl	sp,	#2
      00025A 77               [ 8]  625 	ld	(hl), a
      00025B 06 00            [ 8]  626 	ld	b, #0x00
      00025D                        627 00108$:
      00025D F8 00            [12]  628 	ldhl	sp,	#0
      00025F 7E               [ 8]  629 	ld	a, (hl)
      000260 90               [ 4]  630 	sub	a, b
      000261 28 18            [12]  631 	jr	Z, 00110$
                                    632 ;spritestructs.h:108: scroll_sprite(sprite->tilesetStart + i, moveX, 0);
      000263 F8 01            [12]  633 	ldhl	sp,#1
      000265 2A               [ 8]  634 	ld	a, (hl+)
      000266 5F               [ 4]  635 	ld	e, a
      000267 56               [ 8]  636 	ld	d, (hl)
      000268 1A               [ 8]  637 	ld	a, (de)
      000269 80               [ 4]  638 	add	a, b
                                    639 ;c:\gbdk\include\gb\gb.h:1893: OAM_item_t * itm = &shadow_OAM[nb];
      00026A 6F               [ 4]  640 	ld	l, a
                                    641 ;	spillPairReg hl
                                    642 ;	spillPairReg hl
      00026B 26 00            [ 8]  643 	ld	h, #0x00
                                    644 ;	spillPairReg hl
                                    645 ;	spillPairReg hl
      00026D 29               [ 8]  646 	add	hl, hl
      00026E 29               [ 8]  647 	add	hl, hl
      00026F 11r00r00         [12]  648 	ld	de, #_shadow_OAM
      000272 19               [ 8]  649 	add	hl, de
                                    650 ;c:\gbdk\include\gb\gb.h:1894: itm->y+=y, itm->x+=x;
      000273 7E               [ 8]  651 	ld	a, (hl)
      000274 22               [ 8]  652 	ld	(hl+), a
      000275 7E               [ 8]  653 	ld	a, (hl)
      000276 81               [ 4]  654 	add	a, c
      000277 77               [ 8]  655 	ld	(hl), a
                                    656 ;spritestructs.h:106: for (uint8_t i = 0; i != spriteCount; i++)
      000278 04               [ 4]  657 	inc	b
      000279 18 E2            [12]  658 	jr	00108$
      00027B                        659 00110$:
                                    660 ;spritestructs.h:110: }
      00027B E8 03            [16]  661 	add	sp, #3
      00027D C9               [16]  662 	ret
                                    663 ;spritestructs.h:117: void setupSprites(Sprite *sprite, uint8_t spriteID, int8_t spriteHeight, uint8_t spriteWidth, uint8_t spriteFrames, uint8_t tilesetStart, uint8_t x, uint8_t y,
                                    664 ;	---------------------------------
                                    665 ; Function setupSprites
                                    666 ; ---------------------------------
      00027E                        667 _setupSprites::
      00027E 3B               [ 8]  668 	dec	sp
      00027F F8 00            [12]  669 	ldhl	sp,	#0
      000281 77               [ 8]  670 	ld	(hl), a
                                    671 ;spritestructs.h:120: sprite->tileset = tileset;
      000282 21 0A 00         [12]  672 	ld	hl, #0x000a
      000285 19               [ 8]  673 	add	hl, de
      000286 4D               [ 4]  674 	ld	c, l
      000287 44               [ 4]  675 	ld	b, h
      000288 F8 0B            [12]  676 	ldhl	sp,	#11
      00028A 2A               [ 8]  677 	ld	a, (hl+)
      00028B 02               [ 8]  678 	ld	(bc), a
      00028C 03               [ 8]  679 	inc	bc
      00028D 7E               [ 8]  680 	ld	a, (hl)
      00028E 02               [ 8]  681 	ld	(bc), a
                                    682 ;spritestructs.h:121: sprite->tilesetStart = tilesetStart;
      00028F 21 05 00         [12]  683 	ld	hl, #0x0005
      000292 19               [ 8]  684 	add	hl, de
      000293 4D               [ 4]  685 	ld	c, l
      000294 44               [ 4]  686 	ld	b, h
      000295 F8 06            [12]  687 	ldhl	sp,	#6
      000297 7E               [ 8]  688 	ld	a, (hl)
      000298 02               [ 8]  689 	ld	(bc), a
                                    690 ;spritestructs.h:122: sprite->spriteID = spriteID;
      000299 F8 00            [12]  691 	ldhl	sp,	#0
      00029B 7E               [ 8]  692 	ld	a, (hl)
      00029C 12               [ 8]  693 	ld	(de), a
                                    694 ;spritestructs.h:123: sprite->spriteHeight = spriteHeight;
      00029D 4B               [ 4]  695 	ld	c, e
      00029E 42               [ 4]  696 	ld	b, d
      00029F 03               [ 8]  697 	inc	bc
      0002A0 F8 03            [12]  698 	ldhl	sp,	#3
                                    699 ;spritestructs.h:124: sprite->spriteWidth = spriteWidth;
      0002A2 2A               [ 8]  700 	ld	a, (hl+)
      0002A3 02               [ 8]  701 	ld	(bc), a
      0002A4 4B               [ 4]  702 	ld	c, e
      0002A5 42               [ 4]  703 	ld	b, d
      0002A6 03               [ 8]  704 	inc	bc
      0002A7 03               [ 8]  705 	inc	bc
                                    706 ;spritestructs.h:125: sprite->spriteFrames = spriteFrames;
      0002A8 2A               [ 8]  707 	ld	a, (hl+)
      0002A9 02               [ 8]  708 	ld	(bc), a
      0002AA 4B               [ 4]  709 	ld	c, e
      0002AB 42               [ 4]  710 	ld	b, d
      0002AC 03               [ 8]  711 	inc	bc
      0002AD 03               [ 8]  712 	inc	bc
      0002AE 03               [ 8]  713 	inc	bc
      0002AF 7E               [ 8]  714 	ld	a, (hl)
      0002B0 02               [ 8]  715 	ld	(bc), a
                                    716 ;spritestructs.h:127: sprite->x = x;
      0002B1 21 06 00         [12]  717 	ld	hl, #0x0006
      0002B4 19               [ 8]  718 	add	hl, de
      0002B5 4D               [ 4]  719 	ld	c, l
      0002B6 44               [ 4]  720 	ld	b, h
      0002B7 F8 07            [12]  721 	ldhl	sp,	#7
      0002B9 7E               [ 8]  722 	ld	a, (hl)
      0002BA 02               [ 8]  723 	ld	(bc), a
                                    724 ;spritestructs.h:128: sprite->y = y;
      0002BB 21 07 00         [12]  725 	ld	hl, #0x0007
      0002BE 19               [ 8]  726 	add	hl, de
      0002BF 4D               [ 4]  727 	ld	c, l
      0002C0 44               [ 4]  728 	ld	b, h
      0002C1 F8 08            [12]  729 	ldhl	sp,	#8
      0002C3 7E               [ 8]  730 	ld	a, (hl)
      0002C4 02               [ 8]  731 	ld	(bc), a
                                    732 ;spritestructs.h:129: sprite->velocityX = velocityX;
      0002C5 21 08 00         [12]  733 	ld	hl, #0x0008
      0002C8 19               [ 8]  734 	add	hl, de
      0002C9 4D               [ 4]  735 	ld	c, l
      0002CA 44               [ 4]  736 	ld	b, h
      0002CB F8 09            [12]  737 	ldhl	sp,	#9
      0002CD 7E               [ 8]  738 	ld	a, (hl)
      0002CE 02               [ 8]  739 	ld	(bc), a
                                    740 ;spritestructs.h:130: sprite->velocityY = velocityY;
      0002CF 21 09 00         [12]  741 	ld	hl, #0x0009
      0002D2 19               [ 8]  742 	add	hl, de
      0002D3 4D               [ 4]  743 	ld	c, l
      0002D4 44               [ 4]  744 	ld	b, h
      0002D5 F8 0A            [12]  745 	ldhl	sp,	#10
      0002D7 7E               [ 8]  746 	ld	a, (hl)
      0002D8 02               [ 8]  747 	ld	(bc), a
                                    748 ;spritestructs.h:132: LoadSpriteFrame(sprite, 0);
      0002D9 AF               [ 4]  749 	xor	a, a
      0002DA CDr00r00         [24]  750 	call	_LoadSpriteFrame
                                    751 ;spritestructs.h:139: }
      0002DD 33               [ 8]  752 	inc	sp
      0002DE E1               [12]  753 	pop	hl
      0002DF E8 0A            [16]  754 	add	sp, #10
      0002E1 E9               [ 4]  755 	jp	(hl)
                                    756 ;main.c:19: void setBackground(void){
                                    757 ;	---------------------------------
                                    758 ; Function setBackground
                                    759 ; ---------------------------------
      0002E2                        760 _setBackground::
                                    761 ;main.c:21: set_bkg_data(0, 18, BackgroundTiles);
      0002E2 11r68r01         [12]  762 	ld	de, #_BackgroundTiles
      0002E5 D5               [16]  763 	push	de
      0002E6 21 00 12         [12]  764 	ld	hl, #0x1200
      0002E9 E5               [16]  765 	push	hl
      0002EA CDr00r00         [24]  766 	call	_set_bkg_data
      0002ED E8 04            [16]  767 	add	sp, #4
                                    768 ;main.c:22: set_bkg_tiles(0, 0, 20, 18, backgroundmap);
      0002EF 11r00r00         [12]  769 	ld	de, #_backgroundmap
      0002F2 D5               [16]  770 	push	de
      0002F3 21 14 12         [12]  771 	ld	hl, #0x1214
      0002F6 E5               [16]  772 	push	hl
      0002F7 AF               [ 4]  773 	xor	a, a
      0002F8 0F               [ 4]  774 	rrca
      0002F9 F5               [16]  775 	push	af
      0002FA CDr00r00         [24]  776 	call	_set_bkg_tiles
      0002FD E8 06            [16]  777 	add	sp, #6
                                    778 ;main.c:25: }
      0002FF C9               [16]  779 	ret
                                    780 ;main.c:27: void loadSprites(void)
                                    781 ;	---------------------------------
                                    782 ; Function loadSprites
                                    783 ; ---------------------------------
      000300                        784 _loadSprites::
                                    785 ;main.c:29: set_sprite_data(0, 1, Wine);
      000300 11rD8r02         [12]  786 	ld	de, #_Wine
      000303 D5               [16]  787 	push	de
      000304 AF               [ 4]  788 	xor	a, a
      000305 3C               [ 4]  789 	inc	a
      000306 F5               [16]  790 	push	af
      000307 CDr00r00         [24]  791 	call	_set_sprite_data
      00030A E8 04            [16]  792 	add	sp, #4
                                    793 ;main.c:30: set_sprite_data(1, 4, Bartender);
      00030C 11r98r02         [12]  794 	ld	de, #_Bartender
      00030F D5               [16]  795 	push	de
      000310 21 01 04         [12]  796 	ld	hl, #0x401
      000313 E5               [16]  797 	push	hl
      000314 CDr00r00         [24]  798 	call	_set_sprite_data
      000317 E8 04            [16]  799 	add	sp, #4
                                    800 ;main.c:33: }
      000319 C9               [16]  801 	ret
                                    802 ;main.c:38: void main(void)
                                    803 ;	---------------------------------
                                    804 ; Function main
                                    805 ; ---------------------------------
      00031A                        806 _main::
                                    807 ;main.c:43: SHOW_BKG;
      00031A F0r00            [12]  808 	ldh	a, (_LCDC_REG + 0)
      00031C F6 01            [ 8]  809 	or	a, #0x01
      00031E E0r00            [12]  810 	ldh	(_LCDC_REG + 0), a
                                    811 ;main.c:44: SHOW_SPRITES;
      000320 F0r00            [12]  812 	ldh	a, (_LCDC_REG + 0)
      000322 F6 02            [ 8]  813 	or	a, #0x02
      000324 E0r00            [12]  814 	ldh	(_LCDC_REG + 0), a
                                    815 ;main.c:46: setBackground();
      000326 CDrE2r02         [24]  816 	call	_setBackground
                                    817 ;main.c:47: loadSprites();
      000329 CDr00r03         [24]  818 	call	_loadSprites
                                    819 ;main.c:49: setupSprites(&bartender, 1, 2, 2, 4, 1, 30, 30, 0, 0, Bartender);
      00032C 11r98r02         [12]  820 	ld	de, #_Bartender
      00032F D5               [16]  821 	push	de
      000330 AF               [ 4]  822 	xor	a, a
      000331 0F               [ 4]  823 	rrca
      000332 F5               [16]  824 	push	af
      000333 21 1E 1E         [12]  825 	ld	hl, #0x1e1e
      000336 E5               [16]  826 	push	hl
      000337 21 04 01         [12]  827 	ld	hl, #0x104
      00033A E5               [16]  828 	push	hl
      00033B 21 02 02         [12]  829 	ld	hl, #0x202
      00033E E5               [16]  830 	push	hl
      00033F 3E 01            [ 8]  831 	ld	a, #0x01
      000341 11r0Cr00         [12]  832 	ld	de, #_bartender
      000344 CDr7Er02         [24]  833 	call	_setupSprites
                                    834 ;main.c:50: setupSprites(&wineglass, 0, 1, 1, 1, 0, 30, 30, 0, 0, Wine);
      000347 11rD8r02         [12]  835 	ld	de, #_Wine
      00034A D5               [16]  836 	push	de
      00034B AF               [ 4]  837 	xor	a, a
      00034C 0F               [ 4]  838 	rrca
      00034D F5               [16]  839 	push	af
      00034E 21 1E 1E         [12]  840 	ld	hl, #0x1e1e
      000351 E5               [16]  841 	push	hl
      000352 21 01 00         [12]  842 	ld	hl, #0x01
      000355 E5               [16]  843 	push	hl
      000356 21 01 01         [12]  844 	ld	hl, #0x101
      000359 E5               [16]  845 	push	hl
      00035A AF               [ 4]  846 	xor	a, a
      00035B 11r00r00         [12]  847 	ld	de, #_wineglass
      00035E CDr7Er02         [24]  848 	call	_setupSprites
                                    849 ;main.c:53: moveSprite(&wineglass, 20, 30);
      000361 3E 1E            [ 8]  850 	ld	a, #0x1e
      000363 F5               [16]  851 	push	af
      000364 33               [ 8]  852 	inc	sp
      000365 3E 14            [ 8]  853 	ld	a, #0x14
      000367 11r00r00         [12]  854 	ld	de, #_wineglass
      00036A CDr51r00         [24]  855 	call	_moveSprite
                                    856 ;main.c:54: moveSprite(&bartender, 80, 140);
      00036D 3E 8C            [ 8]  857 	ld	a, #0x8c
      00036F F5               [16]  858 	push	af
      000370 33               [ 8]  859 	inc	sp
      000371 3E 50            [ 8]  860 	ld	a, #0x50
      000373 11r0Cr00         [12]  861 	ld	de, #_bartender
      000376 CDr51r00         [24]  862 	call	_moveSprite
                                    863 ;main.c:57: while (1) {
      000379                        864 00102$:
                                    865 ;main.c:59: playerMovement(&bartender);
      000379 11r0Cr00         [12]  866 	ld	de, #_bartender
      00037C CDr2Ar02         [24]  867 	call	_playerMovement
                                    868 ;main.c:61: scrollSprite(&wineglass, 0, 1);
      00037F 3E 01            [ 8]  869 	ld	a, #0x01
      000381 F5               [16]  870 	push	af
      000382 33               [ 8]  871 	inc	sp
      000383 AF               [ 4]  872 	xor	a, a
      000384 11r00r00         [12]  873 	ld	de, #_wineglass
      000387 CDrF1r00         [24]  874 	call	_scrollSprite
                                    875 ;main.c:62: wait_vbl_done();
      00038A CDr00r00         [24]  876 	call	_wait_vbl_done
                                    877 ;main.c:67: }
      00038D 18 EA            [12]  878 	jr	00102$
                                    879 	.area _CODE
                                    880 	.area _INITIALIZER
      000000                        881 __xinit__backgroundmap:
      000000 07                     882 	.db #0x07	; 7
      000001 07                     883 	.db #0x07	; 7
      000002 07                     884 	.db #0x07	; 7
      000003 07                     885 	.db #0x07	; 7
      000004 07                     886 	.db #0x07	; 7
      000005 07                     887 	.db #0x07	; 7
      000006 07                     888 	.db #0x07	; 7
      000007 07                     889 	.db #0x07	; 7
      000008 07                     890 	.db #0x07	; 7
      000009 07                     891 	.db #0x07	; 7
      00000A 07                     892 	.db #0x07	; 7
      00000B 07                     893 	.db #0x07	; 7
      00000C 07                     894 	.db #0x07	; 7
      00000D 07                     895 	.db #0x07	; 7
      00000E 07                     896 	.db #0x07	; 7
      00000F 07                     897 	.db #0x07	; 7
      000010 07                     898 	.db #0x07	; 7
      000011 07                     899 	.db #0x07	; 7
      000012 07                     900 	.db #0x07	; 7
      000013 07                     901 	.db #0x07	; 7
      000014 07                     902 	.db #0x07	; 7
      000015 05                     903 	.db #0x05	; 5
      000016 05                     904 	.db #0x05	; 5
      000017 05                     905 	.db #0x05	; 5
      000018 05                     906 	.db #0x05	; 5
      000019 05                     907 	.db #0x05	; 5
      00001A 05                     908 	.db #0x05	; 5
      00001B 05                     909 	.db #0x05	; 5
      00001C 05                     910 	.db #0x05	; 5
      00001D 05                     911 	.db #0x05	; 5
      00001E 05                     912 	.db #0x05	; 5
      00001F 05                     913 	.db #0x05	; 5
      000020 05                     914 	.db #0x05	; 5
      000021 05                     915 	.db #0x05	; 5
      000022 05                     916 	.db #0x05	; 5
      000023 05                     917 	.db #0x05	; 5
      000024 05                     918 	.db #0x05	; 5
      000025 05                     919 	.db #0x05	; 5
      000026 05                     920 	.db #0x05	; 5
      000027 07                     921 	.db #0x07	; 7
      000028 07                     922 	.db #0x07	; 7
      000029 05                     923 	.db #0x05	; 5
      00002A 05                     924 	.db #0x05	; 5
      00002B 05                     925 	.db #0x05	; 5
      00002C 05                     926 	.db #0x05	; 5
      00002D 05                     927 	.db #0x05	; 5
      00002E 05                     928 	.db #0x05	; 5
      00002F 05                     929 	.db #0x05	; 5
      000030 05                     930 	.db #0x05	; 5
      000031 05                     931 	.db #0x05	; 5
      000032 05                     932 	.db #0x05	; 5
      000033 05                     933 	.db #0x05	; 5
      000034 05                     934 	.db #0x05	; 5
      000035 05                     935 	.db #0x05	; 5
      000036 05                     936 	.db #0x05	; 5
      000037 05                     937 	.db #0x05	; 5
      000038 05                     938 	.db #0x05	; 5
      000039 05                     939 	.db #0x05	; 5
      00003A 05                     940 	.db #0x05	; 5
      00003B 07                     941 	.db #0x07	; 7
      00003C 07                     942 	.db #0x07	; 7
      00003D 05                     943 	.db #0x05	; 5
      00003E 05                     944 	.db #0x05	; 5
      00003F 05                     945 	.db #0x05	; 5
      000040 05                     946 	.db #0x05	; 5
      000041 05                     947 	.db #0x05	; 5
      000042 05                     948 	.db #0x05	; 5
      000043 05                     949 	.db #0x05	; 5
      000044 05                     950 	.db #0x05	; 5
      000045 05                     951 	.db #0x05	; 5
      000046 05                     952 	.db #0x05	; 5
      000047 05                     953 	.db #0x05	; 5
      000048 05                     954 	.db #0x05	; 5
      000049 05                     955 	.db #0x05	; 5
      00004A 05                     956 	.db #0x05	; 5
      00004B 05                     957 	.db #0x05	; 5
      00004C 05                     958 	.db #0x05	; 5
      00004D 05                     959 	.db #0x05	; 5
      00004E 05                     960 	.db #0x05	; 5
      00004F 07                     961 	.db #0x07	; 7
      000050 07                     962 	.db #0x07	; 7
      000051 05                     963 	.db #0x05	; 5
      000052 00                     964 	.db #0x00	; 0
      000053 00                     965 	.db #0x00	; 0
      000054 0E                     966 	.db #0x0e	; 14
      000055 0E                     967 	.db #0x0e	; 14
      000056 0E                     968 	.db #0x0e	; 14
      000057 0E                     969 	.db #0x0e	; 14
      000058 00                     970 	.db #0x00	; 0
      000059 00                     971 	.db #0x00	; 0
      00005A 00                     972 	.db #0x00	; 0
      00005B 00                     973 	.db #0x00	; 0
      00005C 0E                     974 	.db #0x0e	; 14
      00005D 0E                     975 	.db #0x0e	; 14
      00005E 0E                     976 	.db #0x0e	; 14
      00005F 0E                     977 	.db #0x0e	; 14
      000060 00                     978 	.db #0x00	; 0
      000061 00                     979 	.db #0x00	; 0
      000062 05                     980 	.db #0x05	; 5
      000063 07                     981 	.db #0x07	; 7
      000064 07                     982 	.db #0x07	; 7
      000065 05                     983 	.db #0x05	; 5
      000066 00                     984 	.db #0x00	; 0
      000067 00                     985 	.db #0x00	; 0
      000068 0D                     986 	.db #0x0d	; 13
      000069 0D                     987 	.db #0x0d	; 13
      00006A 0D                     988 	.db #0x0d	; 13
      00006B 0D                     989 	.db #0x0d	; 13
      00006C 00                     990 	.db #0x00	; 0
      00006D 00                     991 	.db #0x00	; 0
      00006E 00                     992 	.db #0x00	; 0
      00006F 00                     993 	.db #0x00	; 0
      000070 0D                     994 	.db #0x0d	; 13
      000071 0D                     995 	.db #0x0d	; 13
      000072 0D                     996 	.db #0x0d	; 13
      000073 0D                     997 	.db #0x0d	; 13
      000074 00                     998 	.db #0x00	; 0
      000075 00                     999 	.db #0x00	; 0
      000076 05                    1000 	.db #0x05	; 5
      000077 07                    1001 	.db #0x07	; 7
      000078 07                    1002 	.db #0x07	; 7
      000079 05                    1003 	.db #0x05	; 5
      00007A 00                    1004 	.db #0x00	; 0
      00007B 00                    1005 	.db #0x00	; 0
      00007C 00                    1006 	.db #0x00	; 0
      00007D 00                    1007 	.db #0x00	; 0
      00007E 00                    1008 	.db #0x00	; 0
      00007F 00                    1009 	.db #0x00	; 0
      000080 00                    1010 	.db #0x00	; 0
      000081 00                    1011 	.db #0x00	; 0
      000082 00                    1012 	.db #0x00	; 0
      000083 00                    1013 	.db #0x00	; 0
      000084 00                    1014 	.db #0x00	; 0
      000085 00                    1015 	.db #0x00	; 0
      000086 00                    1016 	.db #0x00	; 0
      000087 00                    1017 	.db #0x00	; 0
      000088 00                    1018 	.db #0x00	; 0
      000089 00                    1019 	.db #0x00	; 0
      00008A 05                    1020 	.db #0x05	; 5
      00008B 07                    1021 	.db #0x07	; 7
      00008C 07                    1022 	.db #0x07	; 7
      00008D 05                    1023 	.db #0x05	; 5
      00008E 0C                    1024 	.db #0x0c	; 12
      00008F 0C                    1025 	.db #0x0c	; 12
      000090 0C                    1026 	.db #0x0c	; 12
      000091 0C                    1027 	.db #0x0c	; 12
      000092 0C                    1028 	.db #0x0c	; 12
      000093 00                    1029 	.db #0x00	; 0
      000094 00                    1030 	.db #0x00	; 0
      000095 00                    1031 	.db #0x00	; 0
      000096 00                    1032 	.db #0x00	; 0
      000097 00                    1033 	.db #0x00	; 0
      000098 00                    1034 	.db #0x00	; 0
      000099 00                    1035 	.db #0x00	; 0
      00009A 00                    1036 	.db #0x00	; 0
      00009B 00                    1037 	.db #0x00	; 0
      00009C 00                    1038 	.db #0x00	; 0
      00009D 00                    1039 	.db #0x00	; 0
      00009E 05                    1040 	.db #0x05	; 5
      00009F 07                    1041 	.db #0x07	; 7
      0000A0 07                    1042 	.db #0x07	; 7
      0000A1 05                    1043 	.db #0x05	; 5
      0000A2 09                    1044 	.db #0x09	; 9
      0000A3 09                    1045 	.db #0x09	; 9
      0000A4 09                    1046 	.db #0x09	; 9
      0000A5 09                    1047 	.db #0x09	; 9
      0000A6 09                    1048 	.db #0x09	; 9
      0000A7 00                    1049 	.db #0x00	; 0
      0000A8 00                    1050 	.db #0x00	; 0
      0000A9 00                    1051 	.db #0x00	; 0
      0000AA 00                    1052 	.db #0x00	; 0
      0000AB 00                    1053 	.db #0x00	; 0
      0000AC 00                    1054 	.db #0x00	; 0
      0000AD 08                    1055 	.db #0x08	; 8
      0000AE 08                    1056 	.db #0x08	; 8
      0000AF 08                    1057 	.db #0x08	; 8
      0000B0 08                    1058 	.db #0x08	; 8
      0000B1 08                    1059 	.db #0x08	; 8
      0000B2 05                    1060 	.db #0x05	; 5
      0000B3 07                    1061 	.db #0x07	; 7
      0000B4 07                    1062 	.db #0x07	; 7
      0000B5 05                    1063 	.db #0x05	; 5
      0000B6 00                    1064 	.db #0x00	; 0
      0000B7 00                    1065 	.db #0x00	; 0
      0000B8 00                    1066 	.db #0x00	; 0
      0000B9 00                    1067 	.db #0x00	; 0
      0000BA 00                    1068 	.db #0x00	; 0
      0000BB 00                    1069 	.db #0x00	; 0
      0000BC 00                    1070 	.db #0x00	; 0
      0000BD 00                    1071 	.db #0x00	; 0
      0000BE 00                    1072 	.db #0x00	; 0
      0000BF 00                    1073 	.db #0x00	; 0
      0000C0 00                    1074 	.db #0x00	; 0
      0000C1 00                    1075 	.db #0x00	; 0
      0000C2 00                    1076 	.db #0x00	; 0
      0000C3 00                    1077 	.db #0x00	; 0
      0000C4 00                    1078 	.db #0x00	; 0
      0000C5 00                    1079 	.db #0x00	; 0
      0000C6 05                    1080 	.db #0x05	; 5
      0000C7 07                    1081 	.db #0x07	; 7
      0000C8 07                    1082 	.db #0x07	; 7
      0000C9 05                    1083 	.db #0x05	; 5
      0000CA 00                    1084 	.db #0x00	; 0
      0000CB 00                    1085 	.db #0x00	; 0
      0000CC 00                    1086 	.db #0x00	; 0
      0000CD 00                    1087 	.db #0x00	; 0
      0000CE 00                    1088 	.db #0x00	; 0
      0000CF 00                    1089 	.db #0x00	; 0
      0000D0 00                    1090 	.db #0x00	; 0
      0000D1 00                    1091 	.db #0x00	; 0
      0000D2 00                    1092 	.db #0x00	; 0
      0000D3 00                    1093 	.db #0x00	; 0
      0000D4 00                    1094 	.db #0x00	; 0
      0000D5 00                    1095 	.db #0x00	; 0
      0000D6 00                    1096 	.db #0x00	; 0
      0000D7 00                    1097 	.db #0x00	; 0
      0000D8 00                    1098 	.db #0x00	; 0
      0000D9 00                    1099 	.db #0x00	; 0
      0000DA 05                    1100 	.db #0x05	; 5
      0000DB 07                    1101 	.db #0x07	; 7
      0000DC 07                    1102 	.db #0x07	; 7
      0000DD 05                    1103 	.db #0x05	; 5
      0000DE 00                    1104 	.db #0x00	; 0
      0000DF 00                    1105 	.db #0x00	; 0
      0000E0 10                    1106 	.db #0x10	; 16
      0000E1 00                    1107 	.db #0x00	; 0
      0000E2 00                    1108 	.db #0x00	; 0
      0000E3 10                    1109 	.db #0x10	; 16
      0000E4 00                    1110 	.db #0x00	; 0
      0000E5 00                    1111 	.db #0x00	; 0
      0000E6 00                    1112 	.db #0x00	; 0
      0000E7 00                    1113 	.db #0x00	; 0
      0000E8 10                    1114 	.db #0x10	; 16
      0000E9 00                    1115 	.db #0x00	; 0
      0000EA 00                    1116 	.db #0x00	; 0
      0000EB 10                    1117 	.db #0x10	; 16
      0000EC 00                    1118 	.db #0x00	; 0
      0000ED 00                    1119 	.db #0x00	; 0
      0000EE 05                    1120 	.db #0x05	; 5
      0000EF 07                    1121 	.db #0x07	; 7
      0000F0 07                    1122 	.db #0x07	; 7
      0000F1 05                    1123 	.db #0x05	; 5
      0000F2 00                    1124 	.db #0x00	; 0
      0000F3 00                    1125 	.db #0x00	; 0
      0000F4 0F                    1126 	.db #0x0f	; 15
      0000F5 00                    1127 	.db #0x00	; 0
      0000F6 00                    1128 	.db #0x00	; 0
      0000F7 11                    1129 	.db #0x11	; 17
      0000F8 00                    1130 	.db #0x00	; 0
      0000F9 00                    1131 	.db #0x00	; 0
      0000FA 00                    1132 	.db #0x00	; 0
      0000FB 00                    1133 	.db #0x00	; 0
      0000FC 11                    1134 	.db #0x11	; 17
      0000FD 00                    1135 	.db #0x00	; 0
      0000FE 00                    1136 	.db #0x00	; 0
      0000FF 0F                    1137 	.db #0x0f	; 15
      000100 00                    1138 	.db #0x00	; 0
      000101 00                    1139 	.db #0x00	; 0
      000102 05                    1140 	.db #0x05	; 5
      000103 07                    1141 	.db #0x07	; 7
      000104 07                    1142 	.db #0x07	; 7
      000105 00                    1143 	.db #0x00	; 0
      000106 02                    1144 	.db #0x02	; 2
      000107 03                    1145 	.db #0x03	; 3
      000108 03                    1146 	.db #0x03	; 3
      000109 03                    1147 	.db #0x03	; 3
      00010A 03                    1148 	.db #0x03	; 3
      00010B 03                    1149 	.db #0x03	; 3
      00010C 03                    1150 	.db #0x03	; 3
      00010D 03                    1151 	.db #0x03	; 3
      00010E 03                    1152 	.db #0x03	; 3
      00010F 03                    1153 	.db #0x03	; 3
      000110 03                    1154 	.db #0x03	; 3
      000111 03                    1155 	.db #0x03	; 3
      000112 03                    1156 	.db #0x03	; 3
      000113 03                    1157 	.db #0x03	; 3
      000114 03                    1158 	.db #0x03	; 3
      000115 04                    1159 	.db #0x04	; 4
      000116 00                    1160 	.db #0x00	; 0
      000117 07                    1161 	.db #0x07	; 7
      000118 07                    1162 	.db #0x07	; 7
      000119 00                    1163 	.db #0x00	; 0
      00011A 06                    1164 	.db #0x06	; 6
      00011B 06                    1165 	.db #0x06	; 6
      00011C 06                    1166 	.db #0x06	; 6
      00011D 06                    1167 	.db #0x06	; 6
      00011E 06                    1168 	.db #0x06	; 6
      00011F 06                    1169 	.db #0x06	; 6
      000120 06                    1170 	.db #0x06	; 6
      000121 06                    1171 	.db #0x06	; 6
      000122 06                    1172 	.db #0x06	; 6
      000123 06                    1173 	.db #0x06	; 6
      000124 06                    1174 	.db #0x06	; 6
      000125 06                    1175 	.db #0x06	; 6
      000126 06                    1176 	.db #0x06	; 6
      000127 06                    1177 	.db #0x06	; 6
      000128 06                    1178 	.db #0x06	; 6
      000129 06                    1179 	.db #0x06	; 6
      00012A 00                    1180 	.db #0x00	; 0
      00012B 07                    1181 	.db #0x07	; 7
      00012C 07                    1182 	.db #0x07	; 7
      00012D 00                    1183 	.db #0x00	; 0
      00012E 06                    1184 	.db #0x06	; 6
      00012F 06                    1185 	.db #0x06	; 6
      000130 06                    1186 	.db #0x06	; 6
      000131 06                    1187 	.db #0x06	; 6
      000132 06                    1188 	.db #0x06	; 6
      000133 06                    1189 	.db #0x06	; 6
      000134 06                    1190 	.db #0x06	; 6
      000135 06                    1191 	.db #0x06	; 6
      000136 06                    1192 	.db #0x06	; 6
      000137 06                    1193 	.db #0x06	; 6
      000138 06                    1194 	.db #0x06	; 6
      000139 06                    1195 	.db #0x06	; 6
      00013A 06                    1196 	.db #0x06	; 6
      00013B 06                    1197 	.db #0x06	; 6
      00013C 06                    1198 	.db #0x06	; 6
      00013D 06                    1199 	.db #0x06	; 6
      00013E 00                    1200 	.db #0x00	; 0
      00013F 07                    1201 	.db #0x07	; 7
      000140 07                    1202 	.db #0x07	; 7
      000141 01                    1203 	.db #0x01	; 1
      000142 06                    1204 	.db #0x06	; 6
      000143 06                    1205 	.db #0x06	; 6
      000144 06                    1206 	.db #0x06	; 6
      000145 06                    1207 	.db #0x06	; 6
      000146 06                    1208 	.db #0x06	; 6
      000147 06                    1209 	.db #0x06	; 6
      000148 06                    1210 	.db #0x06	; 6
      000149 06                    1211 	.db #0x06	; 6
      00014A 06                    1212 	.db #0x06	; 6
      00014B 06                    1213 	.db #0x06	; 6
      00014C 06                    1214 	.db #0x06	; 6
      00014D 06                    1215 	.db #0x06	; 6
      00014E 06                    1216 	.db #0x06	; 6
      00014F 06                    1217 	.db #0x06	; 6
      000150 06                    1218 	.db #0x06	; 6
      000151 06                    1219 	.db #0x06	; 6
      000152 01                    1220 	.db #0x01	; 1
      000153 07                    1221 	.db #0x07	; 7
      000154 05                    1222 	.db #0x05	; 5
      000155 05                    1223 	.db #0x05	; 5
      000156 05                    1224 	.db #0x05	; 5
      000157 05                    1225 	.db #0x05	; 5
      000158 05                    1226 	.db #0x05	; 5
      000159 05                    1227 	.db #0x05	; 5
      00015A 05                    1228 	.db #0x05	; 5
      00015B 05                    1229 	.db #0x05	; 5
      00015C 05                    1230 	.db #0x05	; 5
      00015D 05                    1231 	.db #0x05	; 5
      00015E 05                    1232 	.db #0x05	; 5
      00015F 05                    1233 	.db #0x05	; 5
      000160 05                    1234 	.db #0x05	; 5
      000161 05                    1235 	.db #0x05	; 5
      000162 05                    1236 	.db #0x05	; 5
      000163 05                    1237 	.db #0x05	; 5
      000164 05                    1238 	.db #0x05	; 5
      000165 05                    1239 	.db #0x05	; 5
      000166 05                    1240 	.db #0x05	; 5
      000167 05                    1241 	.db #0x05	; 5
      000168                       1242 __xinit__BackgroundTiles:
      000168 00                    1243 	.db #0x00	; 0
      000169 00                    1244 	.db #0x00	; 0
      00016A 00                    1245 	.db #0x00	; 0
      00016B 00                    1246 	.db #0x00	; 0
      00016C 00                    1247 	.db #0x00	; 0
      00016D 00                    1248 	.db #0x00	; 0
      00016E 00                    1249 	.db #0x00	; 0
      00016F 00                    1250 	.db #0x00	; 0
      000170 00                    1251 	.db #0x00	; 0
      000171 00                    1252 	.db #0x00	; 0
      000172 00                    1253 	.db #0x00	; 0
      000173 00                    1254 	.db #0x00	; 0
      000174 00                    1255 	.db #0x00	; 0
      000175 00                    1256 	.db #0x00	; 0
      000176 00                    1257 	.db #0x00	; 0
      000177 00                    1258 	.db #0x00	; 0
      000178 00                    1259 	.db #0x00	; 0
      000179 00                    1260 	.db #0x00	; 0
      00017A 00                    1261 	.db #0x00	; 0
      00017B 00                    1262 	.db #0x00	; 0
      00017C 00                    1263 	.db #0x00	; 0
      00017D 00                    1264 	.db #0x00	; 0
      00017E 00                    1265 	.db #0x00	; 0
      00017F 00                    1266 	.db #0x00	; 0
      000180 00                    1267 	.db #0x00	; 0
      000181 00                    1268 	.db #0x00	; 0
      000182 FF                    1269 	.db #0xff	; 255
      000183 FF                    1270 	.db #0xff	; 255
      000184 00                    1271 	.db #0x00	; 0
      000185 FF                    1272 	.db #0xff	; 255
      000186 FF                    1273 	.db #0xff	; 255
      000187 00                    1274 	.db #0x00	; 0
      000188 7F                    1275 	.db #0x7f	; 127
      000189 7F                    1276 	.db #0x7f	; 127
      00018A AA                    1277 	.db #0xaa	; 170
      00018B D5                    1278 	.db #0xd5	; 213
      00018C AA                    1279 	.db #0xaa	; 170
      00018D D5                    1280 	.db #0xd5	; 213
      00018E AA                    1281 	.db #0xaa	; 170
      00018F D5                    1282 	.db #0xd5	; 213
      000190 AA                    1283 	.db #0xaa	; 170
      000191 D5                    1284 	.db #0xd5	; 213
      000192 AA                    1285 	.db #0xaa	; 170
      000193 D5                    1286 	.db #0xd5	; 213
      000194 AA                    1287 	.db #0xaa	; 170
      000195 D5                    1288 	.db #0xd5	; 213
      000196 AA                    1289 	.db #0xaa	; 170
      000197 D5                    1290 	.db #0xd5	; 213
      000198 FF                    1291 	.db #0xff	; 255
      000199 FF                    1292 	.db #0xff	; 255
      00019A AA                    1293 	.db #0xaa	; 170
      00019B 55                    1294 	.db #0x55	; 85	'U'
      00019C AA                    1295 	.db #0xaa	; 170
      00019D 55                    1296 	.db #0x55	; 85	'U'
      00019E AA                    1297 	.db #0xaa	; 170
      00019F 55                    1298 	.db #0x55	; 85	'U'
      0001A0 AA                    1299 	.db #0xaa	; 170
      0001A1 55                    1300 	.db #0x55	; 85	'U'
      0001A2 AA                    1301 	.db #0xaa	; 170
      0001A3 55                    1302 	.db #0x55	; 85	'U'
      0001A4 AA                    1303 	.db #0xaa	; 170
      0001A5 55                    1304 	.db #0x55	; 85	'U'
      0001A6 AA                    1305 	.db #0xaa	; 170
      0001A7 55                    1306 	.db #0x55	; 85	'U'
      0001A8 FE                    1307 	.db #0xfe	; 254
      0001A9 FE                    1308 	.db #0xfe	; 254
      0001AA AB                    1309 	.db #0xab	; 171
      0001AB 55                    1310 	.db #0x55	; 85	'U'
      0001AC AB                    1311 	.db #0xab	; 171
      0001AD 55                    1312 	.db #0x55	; 85	'U'
      0001AE AB                    1313 	.db #0xab	; 171
      0001AF 55                    1314 	.db #0x55	; 85	'U'
      0001B0 AB                    1315 	.db #0xab	; 171
      0001B1 55                    1316 	.db #0x55	; 85	'U'
      0001B2 AB                    1317 	.db #0xab	; 171
      0001B3 55                    1318 	.db #0x55	; 85	'U'
      0001B4 AB                    1319 	.db #0xab	; 171
      0001B5 55                    1320 	.db #0x55	; 85	'U'
      0001B6 AB                    1321 	.db #0xab	; 171
      0001B7 55                    1322 	.db #0x55	; 85	'U'
      0001B8 00                    1323 	.db #0x00	; 0
      0001B9 FF                    1324 	.db #0xff	; 255
      0001BA 00                    1325 	.db #0x00	; 0
      0001BB FF                    1326 	.db #0xff	; 255
      0001BC 00                    1327 	.db #0x00	; 0
      0001BD FF                    1328 	.db #0xff	; 255
      0001BE 00                    1329 	.db #0x00	; 0
      0001BF FF                    1330 	.db #0xff	; 255
      0001C0 00                    1331 	.db #0x00	; 0
      0001C1 FF                    1332 	.db #0xff	; 255
      0001C2 00                    1333 	.db #0x00	; 0
      0001C3 FF                    1334 	.db #0xff	; 255
      0001C4 00                    1335 	.db #0x00	; 0
      0001C5 FF                    1336 	.db #0xff	; 255
      0001C6 00                    1337 	.db #0x00	; 0
      0001C7 FF                    1338 	.db #0xff	; 255
      0001C8 FF                    1339 	.db #0xff	; 255
      0001C9 00                    1340 	.db #0x00	; 0
      0001CA FF                    1341 	.db #0xff	; 255
      0001CB 00                    1342 	.db #0x00	; 0
      0001CC FF                    1343 	.db #0xff	; 255
      0001CD 00                    1344 	.db #0x00	; 0
      0001CE FF                    1345 	.db #0xff	; 255
      0001CF 00                    1346 	.db #0x00	; 0
      0001D0 FF                    1347 	.db #0xff	; 255
      0001D1 00                    1348 	.db #0x00	; 0
      0001D2 FF                    1349 	.db #0xff	; 255
      0001D3 00                    1350 	.db #0x00	; 0
      0001D4 FF                    1351 	.db #0xff	; 255
      0001D5 00                    1352 	.db #0x00	; 0
      0001D6 FF                    1353 	.db #0xff	; 255
      0001D7 00                    1354 	.db #0x00	; 0
      0001D8 FF                    1355 	.db #0xff	; 255
      0001D9 FF                    1356 	.db #0xff	; 255
      0001DA FF                    1357 	.db #0xff	; 255
      0001DB FF                    1358 	.db #0xff	; 255
      0001DC FF                    1359 	.db #0xff	; 255
      0001DD FF                    1360 	.db #0xff	; 255
      0001DE FF                    1361 	.db #0xff	; 255
      0001DF FF                    1362 	.db #0xff	; 255
      0001E0 FF                    1363 	.db #0xff	; 255
      0001E1 FF                    1364 	.db #0xff	; 255
      0001E2 FF                    1365 	.db #0xff	; 255
      0001E3 FF                    1366 	.db #0xff	; 255
      0001E4 FF                    1367 	.db #0xff	; 255
      0001E5 FF                    1368 	.db #0xff	; 255
      0001E6 FF                    1369 	.db #0xff	; 255
      0001E7 FF                    1370 	.db #0xff	; 255
      0001E8 7E                    1371 	.db #0x7e	; 126
      0001E9 42                    1372 	.db #0x42	; 66	'B'
      0001EA 3C                    1373 	.db #0x3c	; 60
      0001EB 24                    1374 	.db #0x24	; 36
      0001EC 18                    1375 	.db #0x18	; 24
      0001ED 18                    1376 	.db #0x18	; 24
      0001EE 18                    1377 	.db #0x18	; 24
      0001EF 18                    1378 	.db #0x18	; 24
      0001F0 3C                    1379 	.db #0x3c	; 60
      0001F1 3C                    1380 	.db #0x3c	; 60
      0001F2 00                    1381 	.db #0x00	; 0
      0001F3 FF                    1382 	.db #0xff	; 255
      0001F4 FF                    1383 	.db #0xff	; 255
      0001F5 00                    1384 	.db #0x00	; 0
      0001F6 FF                    1385 	.db #0xff	; 255
      0001F7 00                    1386 	.db #0x00	; 0
      0001F8 42                    1387 	.db #0x42	; 66	'B'
      0001F9 42                    1388 	.db #0x42	; 66	'B'
      0001FA 42                    1389 	.db #0x42	; 66	'B'
      0001FB 42                    1390 	.db #0x42	; 66	'B'
      0001FC 42                    1391 	.db #0x42	; 66	'B'
      0001FD 42                    1392 	.db #0x42	; 66	'B'
      0001FE 42                    1393 	.db #0x42	; 66	'B'
      0001FF 42                    1394 	.db #0x42	; 66	'B'
      000200 3C                    1395 	.db #0x3c	; 60
      000201 3C                    1396 	.db #0x3c	; 60
      000202 00                    1397 	.db #0x00	; 0
      000203 FF                    1398 	.db #0xff	; 255
      000204 FF                    1399 	.db #0xff	; 255
      000205 00                    1400 	.db #0x00	; 0
      000206 FF                    1401 	.db #0xff	; 255
      000207 00                    1402 	.db #0x00	; 0
      000208 7E                    1403 	.db #0x7e	; 126
      000209 42                    1404 	.db #0x42	; 66	'B'
      00020A 7E                    1405 	.db #0x7e	; 126
      00020B 42                    1406 	.db #0x42	; 66	'B'
      00020C 7E                    1407 	.db #0x7e	; 126
      00020D 42                    1408 	.db #0x42	; 66	'B'
      00020E 7E                    1409 	.db #0x7e	; 126
      00020F 42                    1410 	.db #0x42	; 66	'B'
      000210 3C                    1411 	.db #0x3c	; 60
      000211 3C                    1412 	.db #0x3c	; 60
      000212 00                    1413 	.db #0x00	; 0
      000213 FF                    1414 	.db #0xff	; 255
      000214 FF                    1415 	.db #0xff	; 255
      000215 00                    1416 	.db #0x00	; 0
      000216 FF                    1417 	.db #0xff	; 255
      000217 00                    1418 	.db #0x00	; 0
      000218 00                    1419 	.db #0x00	; 0
      000219 00                    1420 	.db #0x00	; 0
      00021A 00                    1421 	.db #0x00	; 0
      00021B 00                    1422 	.db #0x00	; 0
      00021C 00                    1423 	.db #0x00	; 0
      00021D 00                    1424 	.db #0x00	; 0
      00021E 00                    1425 	.db #0x00	; 0
      00021F 00                    1426 	.db #0x00	; 0
      000220 00                    1427 	.db #0x00	; 0
      000221 00                    1428 	.db #0x00	; 0
      000222 00                    1429 	.db #0x00	; 0
      000223 00                    1430 	.db #0x00	; 0
      000224 00                    1431 	.db #0x00	; 0
      000225 00                    1432 	.db #0x00	; 0
      000226 42                    1433 	.db #0x42	; 66	'B'
      000227 7E                    1434 	.db #0x7e	; 126
      000228 00                    1435 	.db #0x00	; 0
      000229 00                    1436 	.db #0x00	; 0
      00022A 00                    1437 	.db #0x00	; 0
      00022B 00                    1438 	.db #0x00	; 0
      00022C 00                    1439 	.db #0x00	; 0
      00022D 00                    1440 	.db #0x00	; 0
      00022E 00                    1441 	.db #0x00	; 0
      00022F 00                    1442 	.db #0x00	; 0
      000230 00                    1443 	.db #0x00	; 0
      000231 00                    1444 	.db #0x00	; 0
      000232 00                    1445 	.db #0x00	; 0
      000233 00                    1446 	.db #0x00	; 0
      000234 00                    1447 	.db #0x00	; 0
      000235 00                    1448 	.db #0x00	; 0
      000236 42                    1449 	.db #0x42	; 66	'B'
      000237 42                    1450 	.db #0x42	; 66	'B'
      000238 7E                    1451 	.db #0x7e	; 126
      000239 4A                    1452 	.db #0x4a	; 74	'J'
      00023A 7E                    1453 	.db #0x7e	; 126
      00023B 52                    1454 	.db #0x52	; 82	'R'
      00023C 42                    1455 	.db #0x42	; 66	'B'
      00023D 7E                    1456 	.db #0x7e	; 126
      00023E 42                    1457 	.db #0x42	; 66	'B'
      00023F 7E                    1458 	.db #0x7e	; 126
      000240 7E                    1459 	.db #0x7e	; 126
      000241 7E                    1460 	.db #0x7e	; 126
      000242 00                    1461 	.db #0x00	; 0
      000243 FF                    1462 	.db #0xff	; 255
      000244 FF                    1463 	.db #0xff	; 255
      000245 00                    1464 	.db #0x00	; 0
      000246 FF                    1465 	.db #0xff	; 255
      000247 00                    1466 	.db #0x00	; 0
      000248 00                    1467 	.db #0x00	; 0
      000249 00                    1468 	.db #0x00	; 0
      00024A 00                    1469 	.db #0x00	; 0
      00024B 00                    1470 	.db #0x00	; 0
      00024C 00                    1471 	.db #0x00	; 0
      00024D 00                    1472 	.db #0x00	; 0
      00024E 18                    1473 	.db #0x18	; 24
      00024F 00                    1474 	.db #0x00	; 0
      000250 18                    1475 	.db #0x18	; 24
      000251 18                    1476 	.db #0x18	; 24
      000252 18                    1477 	.db #0x18	; 24
      000253 18                    1478 	.db #0x18	; 24
      000254 24                    1479 	.db #0x24	; 36
      000255 3C                    1480 	.db #0x3c	; 60
      000256 42                    1481 	.db #0x42	; 66	'B'
      000257 7E                    1482 	.db #0x7e	; 126
      000258 3C                    1483 	.db #0x3c	; 60
      000259 3C                    1484 	.db #0x3c	; 60
      00025A 3C                    1485 	.db #0x3c	; 60
      00025B 3C                    1486 	.db #0x3c	; 60
      00025C 3C                    1487 	.db #0x3c	; 60
      00025D 00                    1488 	.db #0x00	; 0
      00025E 42                    1489 	.db #0x42	; 66	'B'
      00025F 3C                    1490 	.db #0x3c	; 60
      000260 42                    1491 	.db #0x42	; 66	'B'
      000261 3C                    1492 	.db #0x3c	; 60
      000262 42                    1493 	.db #0x42	; 66	'B'
      000263 3C                    1494 	.db #0x3c	; 60
      000264 3C                    1495 	.db #0x3c	; 60
      000265 00                    1496 	.db #0x00	; 0
      000266 3C                    1497 	.db #0x3c	; 60
      000267 3C                    1498 	.db #0x3c	; 60
      000268 00                    1499 	.db #0x00	; 0
      000269 00                    1500 	.db #0x00	; 0
      00026A 00                    1501 	.db #0x00	; 0
      00026B 00                    1502 	.db #0x00	; 0
      00026C 00                    1503 	.db #0x00	; 0
      00026D 00                    1504 	.db #0x00	; 0
      00026E 00                    1505 	.db #0x00	; 0
      00026F 00                    1506 	.db #0x00	; 0
      000270 00                    1507 	.db #0x00	; 0
      000271 00                    1508 	.db #0x00	; 0
      000272 00                    1509 	.db #0x00	; 0
      000273 00                    1510 	.db #0x00	; 0
      000274 00                    1511 	.db #0x00	; 0
      000275 00                    1512 	.db #0x00	; 0
      000276 18                    1513 	.db #0x18	; 24
      000277 18                    1514 	.db #0x18	; 24
      000278 3C                    1515 	.db #0x3c	; 60
      000279 3C                    1516 	.db #0x3c	; 60
      00027A 3C                    1517 	.db #0x3c	; 60
      00027B 00                    1518 	.db #0x00	; 0
      00027C 66                    1519 	.db #0x66	; 102	'f'
      00027D 18                    1520 	.db #0x18	; 24
      00027E A5                    1521 	.db #0xa5	; 165
      00027F 5A                    1522 	.db #0x5a	; 90	'Z'
      000280 A5                    1523 	.db #0xa5	; 165
      000281 5A                    1524 	.db #0x5a	; 90	'Z'
      000282 66                    1525 	.db #0x66	; 102	'f'
      000283 18                    1526 	.db #0x18	; 24
      000284 3C                    1527 	.db #0x3c	; 60
      000285 00                    1528 	.db #0x00	; 0
      000286 3C                    1529 	.db #0x3c	; 60
      000287 3C                    1530 	.db #0x3c	; 60
      000288 00                    1531 	.db #0x00	; 0
      000289 00                    1532 	.db #0x00	; 0
      00028A 00                    1533 	.db #0x00	; 0
      00028B 00                    1534 	.db #0x00	; 0
      00028C 00                    1535 	.db #0x00	; 0
      00028D 00                    1536 	.db #0x00	; 0
      00028E 00                    1537 	.db #0x00	; 0
      00028F 00                    1538 	.db #0x00	; 0
      000290 00                    1539 	.db #0x00	; 0
      000291 00                    1540 	.db #0x00	; 0
      000292 00                    1541 	.db #0x00	; 0
      000293 00                    1542 	.db #0x00	; 0
      000294 00                    1543 	.db #0x00	; 0
      000295 00                    1544 	.db #0x00	; 0
      000296 00                    1545 	.db #0x00	; 0
      000297 00                    1546 	.db #0x00	; 0
      000298                       1547 __xinit__Bartender:
      000298 07                    1548 	.db #0x07	; 7
      000299 07                    1549 	.db #0x07	; 7
      00029A 08                    1550 	.db #0x08	; 8
      00029B 08                    1551 	.db #0x08	; 8
      00029C 0A                    1552 	.db #0x0a	; 10
      00029D 0A                    1553 	.db #0x0a	; 10
      00029E 1A                    1554 	.db #0x1a	; 26
      00029F 1A                    1555 	.db #0x1a	; 26
      0002A0 10                    1556 	.db #0x10	; 16
      0002A1 10                    1557 	.db #0x10	; 16
      0002A2 09                    1558 	.db #0x09	; 9
      0002A3 09                    1559 	.db #0x09	; 9
      0002A4 0C                    1560 	.db #0x0c	; 12
      0002A5 0C                    1561 	.db #0x0c	; 12
      0002A6 1E                    1562 	.db #0x1e	; 30
      0002A7 11                    1563 	.db #0x11	; 17
      0002A8 E0                    1564 	.db #0xe0	; 224
      0002A9 E0                    1565 	.db #0xe0	; 224
      0002AA 10                    1566 	.db #0x10	; 16
      0002AB 10                    1567 	.db #0x10	; 16
      0002AC 50                    1568 	.db #0x50	; 80	'P'
      0002AD 50                    1569 	.db #0x50	; 80	'P'
      0002AE 58                    1570 	.db #0x58	; 88	'X'
      0002AF 58                    1571 	.db #0x58	; 88	'X'
      0002B0 08                    1572 	.db #0x08	; 8
      0002B1 08                    1573 	.db #0x08	; 8
      0002B2 90                    1574 	.db #0x90	; 144
      0002B3 90                    1575 	.db #0x90	; 144
      0002B4 30                    1576 	.db #0x30	; 48	'0'
      0002B5 30                    1577 	.db #0x30	; 48	'0'
      0002B6 78                    1578 	.db #0x78	; 120	'x'
      0002B7 88                    1579 	.db #0x88	; 136
      0002B8 3F                    1580 	.db #0x3f	; 63
      0002B9 20                    1581 	.db #0x20	; 32
      0002BA 3F                    1582 	.db #0x3f	; 63
      0002BB 28                    1583 	.db #0x28	; 40
      0002BC 3F                    1584 	.db #0x3f	; 63
      0002BD 28                    1585 	.db #0x28	; 40
      0002BE 2F                    1586 	.db #0x2f	; 47
      0002BF 38                    1587 	.db #0x38	; 56	'8'
      0002C0 29                    1588 	.db #0x29	; 41
      0002C1 3F                    1589 	.db #0x3f	; 63
      0002C2 12                    1590 	.db #0x12	; 18
      0002C3 16                    1591 	.db #0x16	; 22
      0002C4 0A                    1592 	.db #0x0a	; 10
      0002C5 0E                    1593 	.db #0x0e	; 14
      0002C6 12                    1594 	.db #0x12	; 18
      0002C7 1E                    1595 	.db #0x1e	; 30
      0002C8 FC                    1596 	.db #0xfc	; 252
      0002C9 04                    1597 	.db #0x04	; 4
      0002CA FC                    1598 	.db #0xfc	; 252
      0002CB 14                    1599 	.db #0x14	; 20
      0002CC FC                    1600 	.db #0xfc	; 252
      0002CD 14                    1601 	.db #0x14	; 20
      0002CE F4                    1602 	.db #0xf4	; 244
      0002CF 1C                    1603 	.db #0x1c	; 28
      0002D0 94                    1604 	.db #0x94	; 148
      0002D1 FC                    1605 	.db #0xfc	; 252
      0002D2 48                    1606 	.db #0x48	; 72	'H'
      0002D3 68                    1607 	.db #0x68	; 104	'h'
      0002D4 50                    1608 	.db #0x50	; 80	'P'
      0002D5 70                    1609 	.db #0x70	; 112	'p'
      0002D6 48                    1610 	.db #0x48	; 72	'H'
      0002D7 78                    1611 	.db #0x78	; 120	'x'
      0002D8                       1612 __xinit__Wine:
      0002D8 42                    1613 	.db #0x42	; 66	'B'
      0002D9 7E                    1614 	.db #0x7e	; 126
      0002DA 42                    1615 	.db #0x42	; 66	'B'
      0002DB 7E                    1616 	.db #0x7e	; 126
      0002DC 42                    1617 	.db #0x42	; 66	'B'
      0002DD 7E                    1618 	.db #0x7e	; 126
      0002DE 3C                    1619 	.db #0x3c	; 60
      0002DF 3C                    1620 	.db #0x3c	; 60
      0002E0 18                    1621 	.db #0x18	; 24
      0002E1 18                    1622 	.db #0x18	; 24
      0002E2 18                    1623 	.db #0x18	; 24
      0002E3 18                    1624 	.db #0x18	; 24
      0002E4 18                    1625 	.db #0x18	; 24
      0002E5 18                    1626 	.db #0x18	; 24
      0002E6 3C                    1627 	.db #0x3c	; 60
      0002E7 3C                    1628 	.db #0x3c	; 60
                                   1629 	.area _CABS (ABS)
